   1               		.file	"main.c"
   2               	__SP_H__ = 0x3e
   3               	__SP_L__ = 0x3d
   4               	__SREG__ = 0x3f
   5               	__tmp_reg__ = 0
   6               	__zero_reg__ = 1
   7               		.text
   8               	.Ltext0:
   9               		.cfi_sections	.debug_frame
  10               	.global	Button_1_State
  12               	Button_1_State:
  13               	.LFB0:
  14               		.file 1 "main.c"
   1:main.c        **** #include <avr/io.h>
   2:main.c        **** 
   3:main.c        **** #define F_CPU 16000000UL
   4:main.c        **** 
   5:main.c        **** #define BUTTON_1_PIN PD2
   6:main.c        **** #define BUTTON_1_PORT PORTD
   7:main.c        **** #define BUTTON_1_DDR DDRD
   8:main.c        **** #define BUTTON_1_PIN_r PIND
   9:main.c        **** 
  10:main.c        **** #define LED_1_PIN PB5
  11:main.c        **** #define LED_1_PORT PORTB
  12:main.c        **** #define LED_1_DDR DDRB
  13:main.c        **** 
  14:main.c        **** int Button_1_State()
  15:main.c        **** {
  15               		.loc 1 15 0
  16               		.cfi_startproc
  17               	/* prologue: function */
  18               	/* frame size = 0 */
  19               	/* stack size = 0 */
  20               	.L__stack_usage = 0
  16:main.c        **** 	if(!(BUTTON_1_PIN_r & (1<<BUTTON_1_PIN)))	return 1;
  21               		.loc 1 16 0
  22 0000 89B1      		in r24,0x9
  23 0002 8695      		lsr r24
  24 0004 8695      		lsr r24
  25 0006 91E0      		ldi r25,lo8(1)
  26 0008 8927      		eor r24,r25
  17:main.c        **** 	else 										return 0;
  18:main.c        **** }
  27               		.loc 1 18 0
  28 000a 8170      		andi r24,1
  29 000c 90E0      		ldi r25,0
  30 000e 0895      		ret
  31               		.cfi_endproc
  32               	.LFE0:
  34               		.section	.text.startup,"ax",@progbits
  35               	.global	main
  37               	main:
  38               	.LFB1:
  19:main.c        **** 
  20:main.c        **** int main(void)
  21:main.c        **** {
  39               		.loc 1 21 0
  40               		.cfi_startproc
  41               	/* prologue: function */
  42               	/* frame size = 0 */
  43               	/* stack size = 0 */
  44               	.L__stack_usage = 0
  22:main.c        **** 	BUTTON_1_DDR |= (0<<BUTTON_1_PIN);		// button pin set as input
  45               		.loc 1 22 0
  46 0000 8AB1      		in r24,0xa
  47 0002 8AB9      		out 0xa,r24
  23:main.c        **** 	BUTTON_1_PORT |= (1<<BUTTON_1_PIN); 	// button input with internal pull-up
  48               		.loc 1 23 0
  49 0004 5A9A      		sbi 0xb,2
  24:main.c        **** 
  25:main.c        **** 	LED_1_DDR |= (1<<LED_1_PIN);		// led pin set as output
  50               		.loc 1 25 0
  51 0006 259A      		sbi 0x4,5
  52               	.L3:
  26:main.c        **** 	//LED_1_PORT | = (1<<LED_1_PIN);
  27:main.c        **** 
  28:main.c        **** 	while(1)
  29:main.c        **** 	{
  30:main.c        **** 		if(Button_1_State())	LED_1_PORT |=  (1<<LED_1_PIN);
  53               		.loc 1 30 0
  54 0008 0E94 0000 		call Button_1_State
  55               	.LVL0:
  56 000c 892B      		or r24,r25
  57 000e 01F0      		breq .L4
  58               		.loc 1 30 0 is_stmt 0 discriminator 1
  59 0010 2D9A      		sbi 0x5,5
  60 0012 00C0      		rjmp .L3
  61               	.L4:
  31:main.c        **** 		else 					LED_1_PORT &= ~(1<<LED_1_PIN);
  62               		.loc 1 31 0 is_stmt 1
  63 0014 2D98      		cbi 0x5,5
  64 0016 00C0      		rjmp .L3
  65               		.cfi_endproc
  66               	.LFE1:
  68               		.text
  69               	.Letext0:
  70               		.file 2 "/usr/lib/avr/include/stdint.h"
DEFINED SYMBOLS
                            *ABS*:0000000000000000 main.c
     /tmp/ccJ94B21.s:2      *ABS*:000000000000003e __SP_H__
     /tmp/ccJ94B21.s:3      *ABS*:000000000000003d __SP_L__
     /tmp/ccJ94B21.s:4      *ABS*:000000000000003f __SREG__
     /tmp/ccJ94B21.s:5      *ABS*:0000000000000000 __tmp_reg__
     /tmp/ccJ94B21.s:6      *ABS*:0000000000000001 __zero_reg__
     /tmp/ccJ94B21.s:12     .text:0000000000000000 Button_1_State
     /tmp/ccJ94B21.s:37     .text.startup:0000000000000000 main

NO UNDEFINED SYMBOLS
